[kokonailspamansfield.com/index.html]
[backblue.gif]
[fade.gif]
[index.html]
[kokonailspamansfield.com/manifest.webmanifest]
[img1.wsimg.com/isteam/ip/5a10bdda-23cb-4145-8425-a5e88cc4f963/golden (Double Sided Posters (Portrait)).jpg]
[kokonailspamansfield.com/sw.js]
[kokonailspamansfield.com/services.html]
[kokonailspamansfield.com/gallery.html]
[kokonailspamansfield.com/contact-us.html]
[kokonailspamansfield.com/hiring.html]
[kokonailspamansfield.com/gift-card.html]
[kokonailspamansfield.com/reviews.html]
[img1.wsimg.com/blobby/go/5a10bdda-23cb-4145-8425-a5e88cc4f963/gpub/415e3bba51a80fec/script.js]
[kokonailspamansfield.com/index.html]
[img1.wsimg.com/blobby/go/5a10bdda-23cb-4145-8425-a5e88cc4f963/gpub/f97a2dbae3d4531c/script.js]
[img1.wsimg.com/blobby/go/5a10bdda-23cb-4145-8425-a5e88cc4f963/gpub/45d394b3eed92a54/script.js]
[img1.wsimg.com/blobby/go/5a10bdda-23cb-4145-8425-a5e88cc4f963/gpub/b1e029d6eaa2a2ea/script.js]
[kokonailspamansfield.com/services.html]
[img1.wsimg.com/signals/js/clients/scc-c2/scc-c2.min.js]
[kokonailspamansfield.com/gallery.html]
[img1.wsimg.com/blobby/go/5a10bdda-23cb-4145-8425-a5e88cc4f963/gpub/c32f5ff763c064c6/script.js]
[img1.wsimg.com/blobby/go/5a10bdda-23cb-4145-8425-a5e88cc4f963/gpub/cbd868378d84dd95/script.js]
[kokonailspamansfield.com/contact-us.html]
[img1.wsimg.com/blobby/go/5a10bdda-23cb-4145-8425-a5e88cc4f963/gpub/a5367b39c7eafe13/script.js]
[img1.wsimg.com/blobby/go/5a10bdda-23cb-4145-8425-a5e88cc4f963/gpub/2ec6d48f5b86df83/script.js]
[kokonailspamansfield.com/hiring.html]
[img1.wsimg.com/blobby/go/5a10bdda-23cb-4145-8425-a5e88cc4f963/gpub/aebc9fcab6eefb4a/script.js]
[img1.wsimg.com/blobby/go/5a10bdda-23cb-4145-8425-a5e88cc4f963/gpub/af0d4e443afd841b/script.js]
[img1.wsimg.com/ceph-p3-01/website-builder-data-prod/static/widgets/UX.4.50.0.js]
[kokonailspamansfield.com/gift-card.html]
[img1.wsimg.com/blobby/go/5a10bdda-23cb-4145-8425-a5e88cc4f963/gpub/742e61f7a0c58787/script.js]
[img1.wsimg.com/blobby/go/5a10bdda-23cb-4145-8425-a5e88cc4f963/gpub/6b09a70f8e8284b0/script.js]
[kokonailspamansfield.com/reviews.html]
[img1.wsimg.com/blobby/go/5a10bdda-23cb-4145-8425-a5e88cc4f963/gpub/415c1dfbfebbfab/script.js]
[img1.wsimg.com/blobby/go/5a10bdda-23cb-4145-8425-a5e88cc4f963/gpub/af04e7ff7dbdbc50/script.js]
